error[E0277]: `OnlyMarkerSelfBoundsSupportedForNow` doesn't implement `Debug`
 --> tests/ui/enum_delegate_v030/fail_not_supported_super_trait.rs:3:1
  |
3 | #[enum_delegate::delegate]
  | ^^^^^^^^^^^^^^^^^^^^^^^^^^ `OnlyMarkerSelfBoundsSupportedForNow` cannot be formatted using `{:?}`
  |
  = help: the trait `Debug` is not implemented for `OnlyMarkerSelfBoundsSupportedForNow`
  = note: add `#[derive(Debug)]` to `OnlyMarkerSelfBoundsSupportedForNow` or manually `impl Debug for OnlyMarkerSelfBoundsSupportedForNow`
note: required by a bound in `assert_impl_all`
 --> tests/ui/enum_delegate_v030/fail_not_supported_super_trait.rs:4:15
  |
3 | #[enum_delegate::delegate]
  | -------------------------- required by a bound in this function
4 | trait ShapeI: std::fmt::Debug {
  |               ^^^^^^^^^^^^^^^ required by this bound in `assert_impl_all`
  = note: this error originates in the attribute macro `enum_delegate::delegate` (in Nightly builds, run with -Z macro-backtrace for more info)
help: consider annotating `OnlyMarkerSelfBoundsSupportedForNow` with `#[derive(Debug)]`
  |
3 + #[derive(Debug)]
4 | #[enum_delegate::delegate]
  |
